Archive member included to satisfy reference by file (symbol)

c:/st/stm32cubeide_1.11.2/stm32cubeide/plugins/com.st.stm32cube.ide.mcu.externaltools.gnu-tools-for-stm32.10.3-2021.10.win32_1.0.100.202210260954/tools/bin/../lib/gcc/arm-none-eabi/10.3.1/../../../../arm-none-eabi/lib/thumb/v7-m/nofp\libc_nano.a(lib_a-errno.o)
                              ./Core/Src/syscalls.o (__errno)
c:/st/stm32cubeide_1.11.2/stm32cubeide/plugins/com.st.stm32cube.ide.mcu.externaltools.gnu-tools-for-stm32.10.3-2021.10.win32_1.0.100.202210260954/tools/bin/../lib/gcc/arm-none-eabi/10.3.1/../../../../arm-none-eabi/lib/thumb/v7-m/nofp\libc_nano.a(lib_a-exit.o)
                              c:/st/stm32cubeide_1.11.2/stm32cubeide/plugins/com.st.stm32cube.ide.mcu.externaltools.gnu-tools-for-stm32.10.3-2021.10.win32_1.0.100.202210260954/tools/bin/../lib/gcc/arm-none-eabi/10.3.1/../../../../arm-none-eabi/lib/thumb/v7-m/nofp/crt0.o (exit)
c:/st/stm32cubeide_1.11.2/stm32cubeide/plugins/com.st.stm32cube.ide.mcu.externaltools.gnu-tools-for-stm32.10.3-2021.10.win32_1.0.100.202210260954/tools/bin/../lib/gcc/arm-none-eabi/10.3.1/../../../../arm-none-eabi/lib/thumb/v7-m/nofp\libc_nano.a(lib_a-impure.o)
                              c:/st/stm32cubeide_1.11.2/stm32cubeide/plugins/com.st.stm32cube.ide.mcu.externaltools.gnu-tools-for-stm32.10.3-2021.10.win32_1.0.100.202210260954/tools/bin/../lib/gcc/arm-none-eabi/10.3.1/../../../../arm-none-eabi/lib/thumb/v7-m/nofp\libc_nano.a(lib_a-exit.o) (_global_impure_ptr)
c:/st/stm32cubeide_1.11.2/stm32cubeide/plugins/com.st.stm32cube.ide.mcu.externaltools.gnu-tools-for-stm32.10.3-2021.10.win32_1.0.100.202210260954/tools/bin/../lib/gcc/arm-none-eabi/10.3.1/../../../../arm-none-eabi/lib/thumb/v7-m/nofp\libc_nano.a(lib_a-init.o)
                              c:/st/stm32cubeide_1.11.2/stm32cubeide/plugins/com.st.stm32cube.ide.mcu.externaltools.gnu-tools-for-stm32.10.3-2021.10.win32_1.0.100.202210260954/tools/bin/../lib/gcc/arm-none-eabi/10.3.1/../../../../arm-none-eabi/lib/thumb/v7-m/nofp/crt0.o (__libc_init_array)
c:/st/stm32cubeide_1.11.2/stm32cubeide/plugins/com.st.stm32cube.ide.mcu.externaltools.gnu-tools-for-stm32.10.3-2021.10.win32_1.0.100.202210260954/tools/bin/../lib/gcc/arm-none-eabi/10.3.1/../../../../arm-none-eabi/lib/thumb/v7-m/nofp\libc_nano.a(lib_a-memset.o)
                              c:/st/stm32cubeide_1.11.2/stm32cubeide/plugins/com.st.stm32cube.ide.mcu.externaltools.gnu-tools-for-stm32.10.3-2021.10.win32_1.0.100.202210260954/tools/bin/../lib/gcc/arm-none-eabi/10.3.1/../../../../arm-none-eabi/lib/thumb/v7-m/nofp/crt0.o (memset)

Discarded input sections

 .text          0x0000000000000000        0x0 c:/st/stm32cubeide_1.11.2/stm32cubeide/plugins/com.st.stm32cube.ide.mcu.externaltools.gnu-tools-for-stm32.10.3-2021.10.win32_1.0.100.202210260954/tools/bin/../lib/gcc/arm-none-eabi/10.3.1/thumb/v7-m/nofp/crti.o
 .data          0x0000000000000000        0x0 c:/st/stm32cubeide_1.11.2/stm32cubeide/plugins/com.st.stm32cube.ide.mcu.externaltools.gnu-tools-for-stm32.10.3-2021.10.win32_1.0.100.202210260954/tools/bin/../lib/gcc/arm-none-eabi/10.3.1/thumb/v7-m/nofp/crti.o
 .bss           0x0000000000000000        0x0 c:/st/stm32cubeide_1.11.2/stm32cubeide/plugins/com.st.stm32cube.ide.mcu.externaltools.gnu-tools-for-stm32.10.3-2021.10.win32_1.0.100.202210260954/tools/bin/../lib/gcc/arm-none-eabi/10.3.1/thumb/v7-m/nofp/crti.o
 .data          0x0000000000000000        0x4 c:/st/stm32cubeide_1.11.2/stm32cubeide/plugins/com.st.stm32cube.ide.mcu.externaltools.gnu-tools-for-stm32.10.3-2021.10.win32_1.0.100.202210260954/tools/bin/../lib/gcc/arm-none-eabi/10.3.1/thumb/v7-m/nofp/crtbegin.o
 .rodata        0x0000000000000000       0x24 c:/st/stm32cubeide_1.11.2/stm32cubeide/plugins/com.st.stm32cube.ide.mcu.externaltools.gnu-tools-for-stm32.10.3-2021.10.win32_1.0.100.202210260954/tools/bin/../lib/gcc/arm-none-eabi/10.3.1/thumb/v7-m/nofp/crtbegin.o
 .text          0x0000000000000000       0x7c c:/st/stm32cubeide_1.11.2/stm32cubeide/plugins/com.st.stm32cube.ide.mcu.externaltools.gnu-tools-for-stm32.10.3-2021.10.win32_1.0.100.202210260954/tools/bin/../lib/gcc/arm-none-eabi/10.3.1/../../../../arm-none-eabi/lib/thumb/v7-m/nofp/crt0.o
 .data          0x0000000000000000        0x0 c:/st/stm32cubeide_1.11.2/stm32cubeide/plugins/com.st.stm32cube.ide.mcu.externaltools.gnu-tools-for-stm32.10.3-2021.10.win32_1.0.100.202210260954/tools/bin/../lib/gcc/arm-none-eabi/10.3.1/../../../../arm-none-eabi/lib/thumb/v7-m/nofp/crt0.o
 .bss           0x0000000000000000        0x0 c:/st/stm32cubeide_1.11.2/stm32cubeide/plugins/com.st.stm32cube.ide.mcu.externaltools.gnu-tools-for-stm32.10.3-2021.10.win32_1.0.100.202210260954/tools/bin/../lib/gcc/arm-none-eabi/10.3.1/../../../../arm-none-eabi/lib/thumb/v7-m/nofp/crt0.o
[...]
Memory Configuration

Name             Origin             Length             Attributes
RAM              0x0000000020000000 0x0000000000005000 xrw
FLASH            0x0000000008000000 0x0000000000010000 xr
*default*        0x0000000000000000 0xffffffffffffffff

Linker script and memory map

LOAD c:/st/stm32cubeide_1.11.2/stm32cubeide/plugins/com.st.stm32cube.ide.mcu.externaltools.gnu-tools-for-stm32.10.3-2021.10.win32_1.0.100.202210260954/tools/bin/../lib/gcc/arm-none-eabi/10.3.1/thumb/v7-m/nofp/crti.o
LOAD c:/st/stm32cubeide_1.11.2/stm32cubeide/plugins/com.st.stm32cube.ide.mcu.externaltools.gnu-tools-for-stm32.10.3-2021.10.win32_1.0.100.202210260954/tools/bin/../lib/gcc/arm-none-eabi/10.3.1/thumb/v7-m/nofp/crtbegin.o
LOAD c:/st/stm32cubeide_1.11.2/stm32cubeide/plugins/com.st.stm32cube.ide.mcu.externaltools.gnu-tools-for-stm32.10.3-2021.10.win32_1.0.100.202210260954/tools/bin/../lib/gcc/arm-none-eabi/10.3.1/../../../../arm-none-eabi/lib/thumb/v7-m/nofp/crt0.o
LOAD ./Core/Src/main.o
LOAD ./Core/Src/modbus_crc.o
LOAD ./Core/Src/stm32f1xx_hal_msp.o
LOAD ./Core/Src/stm32f1xx_it.o
LOAD ./Core/Src/syscalls.o
LOAD ./Core/Src/sysmem.o
LOAD ./Core/Src/system_stm32f1xx.o
LOAD ./Core/Startup/startup_stm32f103c8tx.o
LOAD ./Drivers/STM32F1xx_HAL_Driver/Src/stm32f1xx_hal.o
LOAD ./Drivers/STM32F1xx_HAL_Driver/Src/stm32f1xx_hal_cortex.o
LOAD ./Drivers/STM32F1xx_HAL_Driver/Src/stm32f1xx_hal_dma.o
LOAD ./Drivers/STM32F1xx_HAL_Driver/Src/stm32f1xx_hal_exti.o
LOAD ./Drivers/STM32F1xx_HAL_Driver/Src/stm32f1xx_hal_flash.o
LOAD ./Drivers/STM32F1xx_HAL_Driver/Src/stm32f1xx_hal_flash_ex.o
LOAD ./Drivers/STM32F1xx_HAL_Driver/Src/stm32f1xx_hal_gpio.o
LOAD ./Drivers/STM32F1xx_HAL_Driver/Src/stm32f1xx_hal_gpio_ex.o
LOAD ./Drivers/STM32F1xx_HAL_Driver/Src/stm32f1xx_hal_pwr.o
LOAD ./Drivers/STM32F1xx_HAL_Driver/Src/stm32f1xx_hal_rcc.o
LOAD ./Drivers/STM32F1xx_HAL_Driver/Src/stm32f1xx_hal_rcc_ex.o
LOAD ./Drivers/STM32F1xx_HAL_Driver/Src/stm32f1xx_hal_tim.o
LOAD ./Drivers/STM32F1xx_HAL_Driver/Src/stm32f1xx_hal_tim_ex.o
LOAD ./Drivers/STM32F1xx_HAL_Driver/Src/stm32f1xx_hal_uart.o
START GROUP
LOAD c:/st/stm32cubeide_1.11.2/stm32cubeide/plugins/com.st.stm32cube.ide.mcu.externaltools.gnu-tools-for-stm32.10.3-2021.10.win32_1.0.100.202210260954/tools/bin/../lib/gcc/arm-none-eabi/10.3.1/../../../../arm-none-eabi/lib/thumb/v7-m/nofp\libc_nano.a
LOAD c:/st/stm32cubeide_1.11.2/stm32cubeide/plugins/com.st.stm32cube.ide.mcu.externaltools.gnu-tools-for-stm32.10.3-2021.10.win32_1.0.100.202210260954/tools/bin/../lib/gcc/arm-none-eabi/10.3.1/../../../../arm-none-eabi/lib/thumb/v7-m/nofp\libm.a
END GROUP
START GROUP
LOAD c:/st/stm32cubeide_1.11.2/stm32cubeide/plugins/com.st.stm32cube.ide.mcu.externaltools.gnu-tools-for-stm32.10.3-2021.10.win32_1.0.100.202210260954/tools/bin/../lib/gcc/arm-none-eabi/10.3.1/thumb/v7-m/nofp\libgcc.a
LOAD c:/st/stm32cubeide_1.11.2/stm32cubeide/plugins/com.st.stm32cube.ide.mcu.externaltools.gnu-tools-for-stm32.10.3-2021.10.win32_1.0.100.202210260954/tools/bin/../lib/gcc/arm-none-eabi/10.3.1/../../../../arm-none-eabi/lib/thumb/v7-m/nofp\libc_nano.a
END GROUP
START GROUP
LOAD c:/st/stm32cubeide_1.11.2/stm32cubeide/plugins/com.st.stm32cube.ide.mcu.externaltools.gnu-tools-for-stm32.10.3-2021.10.win32_1.0.100.202210260954/tools/bin/../lib/gcc/arm-none-eabi/10.3.1/thumb/v7-m/nofp\libgcc.a
LOAD c:/st/stm32cubeide_1.11.2/stm32cubeide/plugins/com.st.stm32cube.ide.mcu.externaltools.gnu-tools-for-stm32.10.3-2021.10.win32_1.0.100.202210260954/tools/bin/../lib/gcc/arm-none-eabi/10.3.1/../../../../arm-none-eabi/lib/thumb/v7-m/nofp\libc_nano.a
LOAD c:/st/stm32cubeide_1.11.2/stm32cubeide/plugins/com.st.stm32cube.ide.mcu.externaltools.gnu-tools-for-stm32.10.3-2021.10.win32_1.0.100.202210260954/tools/bin/../lib/gcc/arm-none-eabi/10.3.1/../../../../arm-none-eabi/lib/thumb/v7-m/nofp\libnosys.a
END GROUP
START GROUP
LOAD c:/st/stm32cubeide_1.11.2/stm32cubeide/plugins/com.st.stm32cube.ide.mcu.externaltools.gnu-tools-for-stm32.10.3-2021.10.win32_1.0.100.202210260954/tools/bin/../lib/gcc/arm-none-eabi/10.3.1/thumb/v7-m/nofp\libgcc.a
LOAD c:/st/stm32cubeide_1.11.2/stm32cubeide/plugins/com.st.stm32cube.ide.mcu.externaltools.gnu-tools-for-stm32.10.3-2021.10.win32_1.0.100.202210260954/tools/bin/../lib/gcc/arm-none-eabi/10.3.1/../../../../arm-none-eabi/lib/thumb/v7-m/nofp\libc_nano.a
LOAD c:/st/stm32cubeide_1.11.2/stm32cubeide/plugins/com.st.stm32cube.ide.mcu.externaltools.gnu-tools-for-stm32.10.3-2021.10.win32_1.0.100.202210260954/tools/bin/../lib/gcc/arm-none-eabi/10.3.1/../../../../arm-none-eabi/lib/thumb/v7-m/nofp\libnosys.a
END GROUP
LOAD c:/st/stm32cubeide_1.11.2/stm32cubeide/plugins/com.st.stm32cube.ide.mcu.externaltools.gnu-tools-for-stm32.10.3-2021.10.win32_1.0.100.202210260954/tools/bin/../lib/gcc/arm-none-eabi/10.3.1/thumb/v7-m/nofp/crtend.o
LOAD c:/st/stm32cubeide_1.11.2/stm32cubeide/plugins/com.st.stm32cube.ide.mcu.externaltools.gnu-tools-for-stm32.10.3-2021.10.win32_1.0.100.202210260954/tools/bin/../lib/gcc/arm-none-eabi/10.3.1/thumb/v7-m/nofp/crtn.o
                0x0000000020005000                _estack = (ORIGIN (RAM) + LENGTH (RAM))
                0x0000000000000200                _Min_Heap_Size = 0x200
                0x0000000000000400                _Min_Stack_Size = 0x400

.isr_vector     0x0000000008000000      0x10c
                0x0000000008000000                . = ALIGN (0x4)
 *(.isr_vector)
 .isr_vector    0x0000000008000000      0x10c ./Core/Startup/startup_stm32f103c8tx.o
                0x0000000008000000                g_pfnVectors
                0x000000000800010c                . = ALIGN (0x4)

.text           0x000000000800010c     0x1fe4
                0x000000000800010c                . = ALIGN (0x4)
 *(.text)
 .text          0x000000000800010c       0x40 c:/st/stm32cubeide_1.11.2/stm32cubeide/plugins/com.st.stm32cube.ide.mcu.externaltools.gnu-tools-for-stm32.10.3-2021.10.win32_1.0.100.202210260954/tools/bin/../lib/gcc/arm-none-eabi/10.3.1/thumb/v7-m/nofp/crtbegin.o
 *(.text*)
 .text.HAL_UARTEx_RxEventCallback
                0x000000000800014c       0x16 ./Core/Src/main.o
                0x000000000800014c                HAL_UARTEx_RxEventCallback
 *fill*         0x0000000008000162        0x2 
 .text.sendData
                0x0000000008000164       0x40 ./Core/Src/main.o
                0x0000000008000164                sendData
 .text.main     0x00000000080001a4       0xa4 ./Core/Src/main.o
                0x00000000080001a4                main
 .text.SystemClock_Config
                0x0000000008000248       0x8a ./Core/Src/main.o
                0x0000000008000248                SystemClock_Config
 *fill*         0x00000000080002d2        0x2 
 .text.MX_USART1_UART_Init
                0x00000000080002d4       0x54 ./Core/Src/main.o
 .text.MX_GPIO_Init
                0x0000000008000328       0xc4 ./Core/Src/main.o
 .text.Error_Handler
                0x00000000080003ec        0xa ./Core/Src/main.o
                0x00000000080003ec                Error_Handler
 *fill*         0x00000000080003f6        0x2 
 .text.crc16    0x00000000080003f8       0x6c ./Core/Src/modbus_crc.o
                0x00000000080003f8                crc16
 .text.HAL_MspInit
                0x0000000008000464       0x64 ./Core/Src/stm32f1xx_hal_msp.o
                0x0000000008000464                HAL_MspInit
 .text.HAL_UART_MspInit
                0x00000000080004c8       0xa8 ./Core/Src/stm32f1xx_hal_msp.o
                0x00000000080004c8                HAL_UART_MspInit
 .text.NMI_Handler
                0x0000000008000570        0x6 ./Core/Src/stm32f1xx_it.o
                0x0000000008000570                NMI_Handler
 .text.HardFault_Handler
                0x0000000008000576        0x6 ./Core/Src/stm32f1xx_it.o
                0x0000000008000576                HardFault_Handler
 .text.MemManage_Handler
                0x000000000800057c        0x6 ./Core/Src/stm32f1xx_it.o
                0x000000000800057c                MemManage_Handler
 .text.BusFault_Handler
                0x0000000008000582        0x6 ./Core/Src/stm32f1xx_it.o
                0x0000000008000582                BusFault_Handler
 .text.UsageFault_Handler
                0x0000000008000588        0x6 ./Core/Src/stm32f1xx_it.o
                0x0000000008000588                UsageFault_Handler
 .text.SVC_Handler
                0x000000000800058e        0xc ./Core/Src/stm32f1xx_it.o
                0x000000000800058e                SVC_Handler
 .text.DebugMon_Handler
                0x000000000800059a        0xc ./Core/Src/stm32f1xx_it.o
                0x000000000800059a                DebugMon_Handler
 .text.PendSV_Handler
                0x00000000080005a6        0xc ./Core/Src/stm32f1xx_it.o
                0x00000000080005a6                PendSV_Handler
 .text.SysTick_Handler
                0x00000000080005b2        0xc ./Core/Src/stm32f1xx_it.o
                0x00000000080005b2                SysTick_Handler
 *fill*         0x00000000080005be        0x2 
 .text.USART1_IRQHandler
                0x00000000080005c0       0x14 ./Core/Src/stm32f1xx_it.o
                0x00000000080005c0                USART1_IRQHandler
 .text.SystemInit
                0x00000000080005d4        0xc ./Core/Src/system_stm32f1xx.o
                0x00000000080005d4                SystemInit
 .text.Reset_Handler
                0x00000000080005e0       0x48 ./Core/Startup/startup_stm32f103c8tx.o
                0x00000000080005e0                Reset_Handler
 .text.Default_Handler
                0x0000000008000628        0x2 ./Core/Startup/startup_stm32f103c8tx.o
                0x0000000008000628                RTC_Alarm_IRQHandler
                0x0000000008000628                EXTI2_IRQHandler
                0x0000000008000628                TIM1_CC_IRQHandler
                0x0000000008000628                PVD_IRQHandler
                0x0000000008000628                EXTI3_IRQHandler
                0x0000000008000628                EXTI0_IRQHandler
                0x0000000008000628                I2C2_EV_IRQHandler
                0x0000000008000628                ADC1_2_IRQHandler
                0x0000000008000628                SPI1_IRQHandler
                0x0000000008000628                TAMPER_IRQHandler
                0x0000000008000628                DMA1_Channel4_IRQHandler
                0x0000000008000628                USART3_IRQHandler
                0x0000000008000628                RTC_IRQHandler
                0x0000000008000628                DMA1_Channel7_IRQHandler
                0x0000000008000628                CAN1_RX1_IRQHandler
                0x0000000008000628                TIM4_IRQHandler
                0x0000000008000628                I2C1_EV_IRQHandler
                0x0000000008000628                DMA1_Channel6_IRQHandler
                0x0000000008000628                TIM3_IRQHandler
                0x0000000008000628                RCC_IRQHandler
                0x0000000008000628                TIM1_TRG_COM_IRQHandler
                0x0000000008000628                DMA1_Channel1_IRQHandler
                0x0000000008000628                Default_Handler
                0x0000000008000628                EXTI15_10_IRQHandler
                0x0000000008000628                EXTI9_5_IRQHandler
                0x0000000008000628                SPI2_IRQHandler
                0x0000000008000628                DMA1_Channel5_IRQHandler
                0x0000000008000628                EXTI4_IRQHandler
                0x0000000008000628                USB_LP_CAN1_RX0_IRQHandler
                0x0000000008000628                USB_HP_CAN1_TX_IRQHandler
                0x0000000008000628                DMA1_Channel3_IRQHandler
                0x0000000008000628                TIM1_UP_IRQHandler
                0x0000000008000628                WWDG_IRQHandler
                0x0000000008000628                TIM2_IRQHandler
                0x0000000008000628                TIM1_BRK_IRQHandler
                0x0000000008000628                EXTI1_IRQHandler
                0x0000000008000628                USART2_IRQHandler
                0x0000000008000628                I2C2_ER_IRQHandler
                0x0000000008000628                DMA1_Channel2_IRQHandler
                0x0000000008000628                CAN1_SCE_IRQHandler
                0x0000000008000628                FLASH_IRQHandler
                0x0000000008000628                I2C1_ER_IRQHandler
                0x0000000008000628                USBWakeUp_IRQHandler
 *fill*         0x000000000800062a        0x2 
 .text.HAL_Init
                0x000000000800062c       0x2c ./Drivers/STM32F1xx_HAL_Driver/Src/stm32f1xx_hal.o
                0x000000000800062c                HAL_Init
 .text.HAL_InitTick
                0x0000000008000658       0x60 ./Drivers/STM32F1xx_HAL_Driver/Src/stm32f1xx_hal.o
                0x0000000008000658                HAL_InitTick
 .text.HAL_IncTick
                0x00000000080006b8       0x24 ./Drivers/STM32F1xx_HAL_Driver/Src/stm32f1xx_hal.o
                0x00000000080006b8                HAL_IncTick
 .text.HAL_GetTick
                0x00000000080006dc       0x14 ./Drivers/STM32F1xx_HAL_Driver/Src/stm32f1xx_hal.o
                0x00000000080006dc                HAL_GetTick
 .text.__NVIC_SetPriorityGrouping
                0x00000000080006f0       0x48 ./Drivers/STM32F1xx_HAL_Driver/Src/stm32f1xx_hal_cortex.o
 .text.__NVIC_GetPriorityGrouping
                0x0000000008000738       0x1c ./Drivers/STM32F1xx_HAL_Driver/Src/stm32f1xx_hal_cortex.o
 .text.__NVIC_EnableIRQ
                0x0000000008000754       0x38 ./Drivers/STM32F1xx_HAL_Driver/Src/stm32f1xx_hal_cortex.o
 .text.__NVIC_SetPriority
                0x000000000800078c       0x54 ./Drivers/STM32F1xx_HAL_Driver/Src/stm32f1xx_hal_cortex.o
 .text.NVIC_EncodePriority
                0x00000000080007e0       0x64 ./Drivers/STM32F1xx_HAL_Driver/Src/stm32f1xx_hal_cortex.o
 .text.SysTick_Config
                0x0000000008000844       0x44 ./Drivers/STM32F1xx_HAL_Driver/Src/stm32f1xx_hal_cortex.o
 .text.HAL_NVIC_SetPriorityGrouping
                0x0000000008000888       0x16 ./Drivers/STM32F1xx_HAL_Driver/Src/stm32f1xx_hal_cortex.o
                0x0000000008000888                HAL_NVIC_SetPriorityGrouping
 .text.HAL_NVIC_SetPriority
                0x000000000800089e       0x38 ./Drivers/STM32F1xx_HAL_Driver/Src/stm32f1xx_hal_cortex.o
                0x000000000800089e                HAL_NVIC_SetPriority
 .text.HAL_NVIC_EnableIRQ
                0x00000000080008d6       0x1c ./Drivers/STM32F1xx_HAL_Driver/Src/stm32f1xx_hal_cortex.o
                0x00000000080008d6                HAL_NVIC_EnableIRQ
 .text.HAL_SYSTICK_Config
                0x00000000080008f2       0x18 ./Drivers/STM32F1xx_HAL_Driver/Src/stm32f1xx_hal_cortex.o
                0x00000000080008f2                HAL_SYSTICK_Config
 .text.HAL_DMA_Abort
                0x000000000800090a       0x74 ./Drivers/STM32F1xx_HAL_Driver/Src/stm32f1xx_hal_dma.o
                0x000000000800090a                HAL_DMA_Abort
 *fill*         0x000000000800097e        0x2 
 .text.HAL_DMA_Abort_IT
                0x0000000008000980       0xec ./Drivers/STM32F1xx_HAL_Driver/Src/stm32f1xx_hal_dma.o
                0x0000000008000980                HAL_DMA_Abort_IT
 .text.HAL_GPIO_Init
                0x0000000008000a6c      0x308 ./Drivers/STM32F1xx_HAL_Driver/Src/stm32f1xx_hal_gpio.o
                0x0000000008000a6c                HAL_GPIO_Init
 .text.HAL_GPIO_WritePin
                0x0000000008000d74       0x30 ./Drivers/STM32F1xx_HAL_Driver/Src/stm32f1xx_hal_gpio.o
                0x0000000008000d74                HAL_GPIO_WritePin
 .text.HAL_RCC_OscConfig
                0x0000000008000da4      0x504 ./Drivers/STM32F1xx_HAL_Driver/Src/stm32f1xx_hal_rcc.o
                0x0000000008000da4                HAL_RCC_OscConfig
 .text.HAL_RCC_ClockConfig
                0x00000000080012a8      0x1d4 ./Drivers/STM32F1xx_HAL_Driver/Src/stm32f1xx_hal_rcc.o
                0x00000000080012a8                HAL_RCC_ClockConfig
 .text.HAL_RCC_GetSysClockFreq
                0x000000000800147c       0xbc ./Drivers/STM32F1xx_HAL_Driver/Src/stm32f1xx_hal_rcc.o
                0x000000000800147c                HAL_RCC_GetSysClockFreq
 .text.HAL_RCC_GetHCLKFreq
                0x0000000008001538       0x14 ./Drivers/STM32F1xx_HAL_Driver/Src/stm32f1xx_hal_rcc.o
                0x0000000008001538                HAL_RCC_GetHCLKFreq
 .text.HAL_RCC_GetPCLK1Freq
                0x000000000800154c       0x28 ./Drivers/STM32F1xx_HAL_Driver/Src/stm32f1xx_hal_rcc.o
                0x000000000800154c                HAL_RCC_GetPCLK1Freq
 .text.HAL_RCC_GetPCLK2Freq
                0x0000000008001574       0x28 ./Drivers/STM32F1xx_HAL_Driver/Src/stm32f1xx_hal_rcc.o
                0x0000000008001574                HAL_RCC_GetPCLK2Freq
 .text.RCC_Delay
                0x000000000800159c       0x3c ./Drivers/STM32F1xx_HAL_Driver/Src/stm32f1xx_hal_rcc.o
 .text.HAL_UART_Init
                0x00000000080015d8       0x9a ./Drivers/STM32F1xx_HAL_Driver/Src/stm32f1xx_hal_uart.o
                0x00000000080015d8                HAL_UART_Init
 .text.HAL_UART_Transmit
                0x0000000008001672      0x124 ./Drivers/STM32F1xx_HAL_Driver/Src/stm32f1xx_hal_uart.o
                0x0000000008001672                HAL_UART_Transmit
 .text.HAL_UARTEx_ReceiveToIdle_IT
                0x0000000008001796       0x9e ./Drivers/STM32F1xx_HAL_Driver/Src/stm32f1xx_hal_uart.o
                0x0000000008001796                HAL_UARTEx_ReceiveToIdle_IT
 .text.HAL_UART_IRQHandler
                0x0000000008001834      0x354 ./Drivers/STM32F1xx_HAL_Driver/Src/stm32f1xx_hal_uart.o
                0x0000000008001834                HAL_UART_IRQHandler
 .text.HAL_UART_TxCpltCallback
                0x0000000008001b88       0x12 ./Drivers/STM32F1xx_HAL_Driver/Src/stm32f1xx_hal_uart.o
                0x0000000008001b88                HAL_UART_TxCpltCallback
 .text.HAL_UART_RxCpltCallback
                0x0000000008001b9a       0x12 ./Drivers/STM32F1xx_HAL_Driver/Src/stm32f1xx_hal_uart.o
                0x0000000008001b9a                HAL_UART_RxCpltCallback
 .text.HAL_UART_ErrorCallback
                0x0000000008001bac       0x12 ./Drivers/STM32F1xx_HAL_Driver/Src/stm32f1xx_hal_uart.o
                0x0000000008001bac                HAL_UART_ErrorCallback
 .text.UART_WaitOnFlagUntilTimeout
                0x0000000008001bbe       0x94 ./Drivers/STM32F1xx_HAL_Driver/Src/stm32f1xx_hal_uart.o
 .text.UART_Start_Receive_IT
                0x0000000008001c52       0x72 ./Drivers/STM32F1xx_HAL_Driver/Src/stm32f1xx_hal_uart.o
                0x0000000008001c52                UART_Start_Receive_IT
 .text.UART_EndRxTransfer
                0x0000000008001cc4       0x58 ./Drivers/STM32F1xx_HAL_Driver/Src/stm32f1xx_hal_uart.o
 .text.UART_DMAAbortOnError
                0x0000000008001d1c       0x28 ./Drivers/STM32F1xx_HAL_Driver/Src/stm32f1xx_hal_uart.o
 .text.UART_Transmit_IT
                0x0000000008001d44       0x9e ./Drivers/STM32F1xx_HAL_Driver/Src/stm32f1xx_hal_uart.o
 .text.UART_EndTransmit_IT
                0x0000000008001de2       0x30 ./Drivers/STM32F1xx_HAL_Driver/Src/stm32f1xx_hal_uart.o
 .text.UART_Receive_IT
                0x0000000008001e12      0x152 ./Drivers/STM32F1xx_HAL_Driver/Src/stm32f1xx_hal_uart.o
 .text.UART_SetConfig
                0x0000000008001f64      0x11c ./Drivers/STM32F1xx_HAL_Driver/Src/stm32f1xx_hal_uart.o
 .text.__libc_init_array
                0x0000000008002080       0x48 c:/st/stm32cubeide_1.11.2/stm32cubeide/plugins/com.st.stm32cube.ide.mcu.externaltools.gnu-tools-for-stm32.10.3-2021.10.win32_1.0.100.202210260954/tools/bin/../lib/gcc/arm-none-eabi/10.3.1/../../../../arm-none-eabi/lib/thumb/v7-m/nofp\libc_nano.a(lib_a-init.o)
                0x0000000008002080                __libc_init_array
 .text.memset   0x00000000080020c8       0x10 c:/st/stm32cubeide_1.11.2/stm32cubeide/plugins/com.st.stm32cube.ide.mcu.externaltools.gnu-tools-for-stm32.10.3-2021.10.win32_1.0.100.202210260954/tools/bin/../lib/gcc/arm-none-eabi/10.3.1/../../../../arm-none-eabi/lib/thumb/v7-m/nofp\libc_nano.a(lib_a-memset.o)
                0x00000000080020c8                memset
 *(.glue_7)
 .glue_7        0x00000000080020d8        0x0 linker stubs
 *(.glue_7t)
 .glue_7t       0x00000000080020d8        0x0 linker stubs
 *(.eh_frame)
 .eh_frame      0x00000000080020d8        0x0 c:/st/stm32cubeide_1.11.2/stm32cubeide/plugins/com.st.stm32cube.ide.mcu.externaltools.gnu-tools-for-stm32.10.3-2021.10.win32_1.0.100.202210260954/tools/bin/../lib/gcc/arm-none-eabi/10.3.1/thumb/v7-m/nofp/crtbegin.o
 *(.init)
 .init          0x00000000080020d8        0x4 c:/st/stm32cubeide_1.11.2/stm32cubeide/plugins/com.st.stm32cube.ide.mcu.externaltools.gnu-tools-for-stm32.10.3-2021.10.win32_1.0.100.202210260954/tools/bin/../lib/gcc/arm-none-eabi/10.3.1/thumb/v7-m/nofp/crti.o
                0x00000000080020d8                _init
 .init          0x00000000080020dc        0x8 c:/st/stm32cubeide_1.11.2/stm32cubeide/plugins/com.st.stm32cube.ide.mcu.externaltools.gnu-tools-for-stm32.10.3-2021.10.win32_1.0.100.202210260954/tools/bin/../lib/gcc/arm-none-eabi/10.3.1/thumb/v7-m/nofp/crtn.o
 *(.fini)
 .fini          0x00000000080020e4        0x4 c:/st/stm32cubeide_1.11.2/stm32cubeide/plugins/com.st.stm32cube.ide.mcu.externaltools.gnu-tools-for-stm32.10.3-2021.10.win32_1.0.100.202210260954/tools/bin/../lib/gcc/arm-none-eabi/10.3.1/thumb/v7-m/nofp/crti.o
                0x00000000080020e4                _fini
 .fini          0x00000000080020e8        0x8 c:/st/stm32cubeide_1.11.2/stm32cubeide/plugins/com.st.stm32cube.ide.mcu.externaltools.gnu-tools-for-stm32.10.3-2021.10.win32_1.0.100.202210260954/tools/bin/../lib/gcc/arm-none-eabi/10.3.1/thumb/v7-m/nofp/crtn.o
                0x00000000080020f0                . = ALIGN (0x4)
                0x00000000080020f0                _etext = .

.vfp11_veneer   0x00000000080020f0        0x0
 .vfp11_veneer  0x00000000080020f0        0x0 linker stubs

.v4_bx          0x00000000080020f0        0x0
 .v4_bx         0x00000000080020f0        0x0 linker stubs

.iplt           0x00000000080020f0        0x0
 .iplt          0x00000000080020f0        0x0 c:/st/stm32cubeide_1.11.2/stm32cubeide/plugins/com.st.stm32cube.ide.mcu.externaltools.gnu-tools-for-stm32.10.3-2021.10.win32_1.0.100.202210260954/tools/bin/../lib/gcc/arm-none-eabi/10.3.1/thumb/v7-m/nofp/crtbegin.o

.rodata         0x00000000080020f0      0x228
                0x00000000080020f0                . = ALIGN (0x4)
 *(.rodata)
 .rodata        0x00000000080020f0       0x10 ./Drivers/STM32F1xx_HAL_Driver/Src/stm32f1xx_hal_rcc.o
 *(.rodata*)
 .rodata.table_crc_hi
                0x0000000008002100      0x100 ./Core/Src/modbus_crc.o
 .rodata.table_crc_lo
                0x0000000008002200      0x100 ./Core/Src/modbus_crc.o
 .rodata.AHBPrescTable
                0x0000000008002300       0x10 ./Core/Src/system_stm32f1xx.o
                0x0000000008002300                AHBPrescTable
 .rodata.APBPrescTable
                0x0000000008002310        0x8 ./Core/Src/system_stm32f1xx.o
                0x0000000008002310                APBPrescTable
                0x0000000008002318                . = ALIGN (0x4)

.rel.dyn        0x0000000008002318        0x0
 .rel.iplt      0x0000000008002318        0x0 c:/st/stm32cubeide_1.11.2/stm32cubeide/plugins/com.st.stm32cube.ide.mcu.externaltools.gnu-tools-for-stm32.10.3-2021.10.win32_1.0.100.202210260954/tools/bin/../lib/gcc/arm-none-eabi/10.3.1/thumb/v7-m/nofp/crtbegin.o

.ARM.extab      0x0000000008002318        0x0
                0x0000000008002318                . = ALIGN (0x4)
 *(.ARM.extab* .gnu.linkonce.armextab.*)
                0x0000000008002318                . = ALIGN (0x4)

.ARM            0x0000000008002318        0x0
                0x0000000008002318                . = ALIGN (0x4)
                0x0000000008002318                __exidx_start = .
 *(.ARM.exidx*)
                0x0000000008002318                __exidx_end = .
                0x0000000008002318                . = ALIGN (0x4)

.preinit_array  0x0000000008002318        0x0
                0x0000000008002318                . = ALIGN (0x4)
                0x0000000008002318                PROVIDE (__preinit_array_start = .)
 *(.preinit_array*)
                0x0000000008002318                PROVIDE (__preinit_array_end = .)
                0x0000000008002318                . = ALIGN (0x4)

.init_array     0x0000000008002318        0x4
                0x0000000008002318                . = ALIGN (0x4)
                0x0000000008002318                PROVIDE (__init_array_start = .)
 *(SORT_BY_NAME(.init_array.*))
 *(.init_array*)
 .init_array    0x0000000008002318        0x4 c:/st/stm32cubeide_1.11.2/stm32cubeide/plugins/com.st.stm32cube.ide.mcu.externaltools.gnu-tools-for-stm32.10.3-2021.10.win32_1.0.100.202210260954/tools/bin/../lib/gcc/arm-none-eabi/10.3.1/thumb/v7-m/nofp/crtbegin.o
                0x000000000800231c                PROVIDE (__init_array_end = .)
                0x000000000800231c                . = ALIGN (0x4)

.fini_array     0x000000000800231c        0x4
                0x000000000800231c                . = ALIGN (0x4)
                [!provide]                        PROVIDE (__fini_array_start = .)
 *(SORT_BY_NAME(.fini_array.*))
 *(.fini_array*)
 .fini_array    0x000000000800231c        0x4 c:/st/stm32cubeide_1.11.2/stm32cubeide/plugins/com.st.stm32cube.ide.mcu.externaltools.gnu-tools-for-stm32.10.3-2021.10.win32_1.0.100.202210260954/tools/bin/../lib/gcc/arm-none-eabi/10.3.1/thumb/v7-m/nofp/crtbegin.o
                [!provide]                        PROVIDE (__fini_array_end = .)
                0x0000000008002320                . = ALIGN (0x4)
                0x0000000008002320                _sidata = LOADADDR (.data)

.data           0x0000000020000000        0xc load address 0x0000000008002320
                0x0000000020000000                . = ALIGN (0x4)
                0x0000000020000000                _sdata = .
 *(.data)
 *(.data*)
 .data.SystemCoreClock
                0x0000000020000000        0x4 ./Core/Src/system_stm32f1xx.o
                0x0000000020000000                SystemCoreClock
 .data.uwTickPrio
                0x0000000020000004        0x4 ./Drivers/STM32F1xx_HAL_Driver/Src/stm32f1xx_hal.o
                0x0000000020000004                uwTickPrio
 .data.uwTickFreq
                0x0000000020000008        0x1 ./Drivers/STM32F1xx_HAL_Driver/Src/stm32f1xx_hal.o
                0x0000000020000008                uwTickFreq
 *(.RamFunc)
 *(.RamFunc*)
                0x000000002000000c                . = ALIGN (0x4)
 *fill*         0x0000000020000009        0x3 
                0x000000002000000c                _edata = .

.igot.plt       0x000000002000000c        0x0 load address 0x000000000800232c
 .igot.plt      0x000000002000000c        0x0 c:/st/stm32cubeide_1.11.2/stm32cubeide/plugins/com.st.stm32cube.ide.mcu.externaltools.gnu-tools-for-stm32.10.3-2021.10.win32_1.0.100.202210260954/tools/bin/../lib/gcc/arm-none-eabi/10.3.1/thumb/v7-m/nofp/crtbegin.o
                0x000000002000000c                . = ALIGN (0x4)

.bss            0x000000002000000c       0x94 load address 0x000000000800232c
                0x000000002000000c                _sbss = .
                0x000000002000000c                __bss_start__ = _sbss
 *(.bss)
 .bss           0x000000002000000c       0x1c c:/st/stm32cubeide_1.11.2/stm32cubeide/plugins/com.st.stm32cube.ide.mcu.externaltools.gnu-tools-for-stm32.10.3-2021.10.win32_1.0.100.202210260954/tools/bin/../lib/gcc/arm-none-eabi/10.3.1/thumb/v7-m/nofp/crtbegin.o
 *(.bss*)
 .bss.huart1    0x0000000020000028       0x44 ./Core/Src/main.o
                0x0000000020000028                huart1
 .bss.RxData    0x000000002000006c       0x1e ./Core/Src/main.o
                0x000000002000006c                RxData
 *fill*         0x000000002000008a        0x2 
 .bss.TxData    0x000000002000008c        0xf ./Core/Src/main.o
                0x000000002000008c                TxData
 *fill*         0x000000002000009b        0x1 
 .bss.uwTick    0x000000002000009c        0x4 ./Drivers/STM32F1xx_HAL_Driver/Src/stm32f1xx_hal.o
                0x000000002000009c                uwTick
 *(COMMON)
                0x00000000200000a0                . = ALIGN (0x4)
                0x00000000200000a0                _ebss = .
                0x00000000200000a0                __bss_end__ = _ebss

._user_heap_stack
                0x00000000200000a0      0x600 load address 0x000000000800232c
                0x00000000200000a0                . = ALIGN (0x8)
                [!provide]                        PROVIDE (end = .)
                0x00000000200000a0                PROVIDE (_end = .)
                0x00000000200002a0                . = (. + _Min_Heap_Size)
 *fill*         0x00000000200000a0      0x200 
                0x00000000200006a0                . = (. + _Min_Stack_Size)
 *fill*         0x00000000200002a0      0x400 
                0x00000000200006a0                . = ALIGN (0x8)

/DISCARD/
 libc.a(*)
 libm.a(*)
 libgcc.a(*)

.ARM.attributes
                0x0000000000000000       0x29
 *(.ARM.attributes)
 .ARM.attributes
                0x0000000000000000       0x1d c:/st/stm32cubeide_1.11.2/stm32cubeide/plugins/com.st.stm32cube.ide.mcu.externaltools.gnu-tools-for-stm32.10.3-2021.10.win32_1.0.100.202210260954/tools/bin/../lib/gcc/arm-none-eabi/10.3.1/thumb/v7-m/nofp/crti.o
 .ARM.attributes
                0x000000000000001d       0x2d c:/st/stm32cubeide_1.11.2/stm32cubeide/plugins/com.st.stm32cube.ide.mcu.externaltools.gnu-tools-for-stm32.10.3-2021.10.win32_1.0.100.202210260954/tools/bin/../lib/gcc/arm-none-eabi/10.3.1/thumb/v7-m/nofp/crtbegin.o
 .ARM.attributes
                0x000000000000004a       0x2d ./Core/Src/main.o
 .ARM.attributes
                0x0000000000000077       0x2d ./Core/Src/modbus_crc.o
 .ARM.attributes
                0x00000000000000a4       0x2d ./Core/Src/stm32f1xx_hal_msp.o
 .ARM.attributes
                0x00000000000000d1       0x2d ./Core/Src/stm32f1xx_it.o
 .ARM.attributes
                0x00000000000000fe       0x2d ./Core/Src/system_stm32f1xx.o
 .ARM.attributes
                0x000000000000012b       0x21 ./Core/Startup/startup_stm32f103c8tx.o
 .ARM.attributes
                0x000000000000014c       0x2d ./Drivers/STM32F1xx_HAL_Driver/Src/stm32f1xx_hal.o
 .ARM.attributes
                0x0000000000000179       0x2d ./Drivers/STM32F1xx_HAL_Driver/Src/stm32f1xx_hal_cortex.o
 .ARM.attributes
                0x00000000000001a6       0x2d ./Drivers/STM32F1xx_HAL_Driver/Src/stm32f1xx_hal_dma.o
 .ARM.attributes
                0x00000000000001d3       0x2d ./Drivers/STM32F1xx_HAL_Driver/Src/stm32f1xx_hal_gpio.o
 .ARM.attributes
                0x0000000000000200       0x2d ./Drivers/STM32F1xx_HAL_Driver/Src/stm32f1xx_hal_rcc.o
 .ARM.attributes
                0x000000000000022d       0x2d ./Drivers/STM32F1xx_HAL_Driver/Src/stm32f1xx_hal_uart.o
 .ARM.attributes
                0x000000000000025a       0x2d c:/st/stm32cubeide_1.11.2/stm32cubeide/plugins/com.st.stm32cube.ide.mcu.externaltools.gnu-tools-for-stm32.10.3-2021.10.win32_1.0.100.202210260954/tools/bin/../lib/gcc/arm-none-eabi/10.3.1/../../../../arm-none-eabi/lib/thumb/v7-m/nofp\libc_nano.a(lib_a-init.o)
 .ARM.attributes
                0x0000000000000287       0x2d c:/st/stm32cubeide_1.11.2/stm32cubeide/plugins/com.st.stm32cube.ide.mcu.externaltools.gnu-tools-for-stm32.10.3-2021.10.win32_1.0.100.202210260954/tools/bin/../lib/gcc/arm-none-eabi/10.3.1/../../../../arm-none-eabi/lib/thumb/v7-m/nofp\libc_nano.a(lib_a-memset.o)
 .ARM.attributes
                0x00000000000002b4       0x1d c:/st/stm32cubeide_1.11.2/stm32cubeide/plugins/com.st.stm32cube.ide.mcu.externaltools.gnu-tools-for-stm32.10.3-2021.10.win32_1.0.100.202210260954/tools/bin/../lib/gcc/arm-none-eabi/10.3.1/thumb/v7-m/nofp/crtn.o
OUTPUT(RS485_003_Master_WriteCoilsAndRegister.elf elf32-littlearm)
LOAD linker stubs
LOAD c:/st/stm32cubeide_1.11.2/stm32cubeide/plugins/com.st.stm32cube.ide.mcu.externaltools.gnu-tools-for-stm32.10.3-2021.10.win32_1.0.100.202210260954/tools/bin/../lib/gcc/arm-none-eabi/10.3.1/../../../../arm-none-eabi/lib/thumb/v7-m/nofp\libc.a
LOAD c:/st/stm32cubeide_1.11.2/stm32cubeide/plugins/com.st.stm32cube.ide.mcu.externaltools.gnu-tools-for-stm32.10.3-2021.10.win32_1.0.100.202210260954/tools/bin/../lib/gcc/arm-none-eabi/10.3.1/../../../../arm-none-eabi/lib/thumb/v7-m/nofp\libm.a
LOAD c:/st/stm32cubeide_1.11.2/stm32cubeide/plugins/com.st.stm32cube.ide.mcu.externaltools.gnu-tools-for-stm32.10.3-2021.10.win32_1.0.100.202210260954/tools/bin/../lib/gcc/arm-none-eabi/10.3.1/thumb/v7-m/nofp\libgcc.a

.debug_info     0x0000000000000000     0x5c58
 .debug_info    0x0000000000000000      0xaf0 ./Core/Src/main.o
 .debug_info    0x0000000000000af0      0x148 ./Core/Src/modbus_crc.o
 .debug_info    0x0000000000000c38      0x9d3 ./Core/Src/stm32f1xx_hal_msp.o
 .debug_info    0x000000000000160b      0x60e ./Core/Src/stm32f1xx_it.o
 .debug_info    0x0000000000001c19      0x23d ./Core/Src/system_stm32f1xx.o
 .debug_info    0x0000000000001e56       0x22 ./Core/Startup/startup_stm32f103c8tx.o
 .debug_info    0x0000000000001e78      0x734 ./Drivers/STM32F1xx_HAL_Driver/Src/stm32f1xx_hal.o
 .debug_info    0x00000000000025ac      0xb20 ./Drivers/STM32F1xx_HAL_Driver/Src/stm32f1xx_hal_cortex.o
 .debug_info    0x00000000000030cc      0x73f ./Drivers/STM32F1xx_HAL_Driver/Src/stm32f1xx_hal_dma.o
 .debug_info    0x000000000000380b      0x615 ./Drivers/STM32F1xx_HAL_Driver/Src/stm32f1xx_hal_gpio.o
 .debug_info    0x0000000000003e20      0x860 ./Drivers/STM32F1xx_HAL_Driver/Src/stm32f1xx_hal_rcc.o
 .debug_info    0x0000000000004680     0x15d8 ./Drivers/STM32F1xx_HAL_Driver/Src/stm32f1xx_hal_uart.o

.debug_abbrev   0x0000000000000000     0x156a
 .debug_abbrev  0x0000000000000000      0x29c ./Core/Src/main.o
 .debug_abbrev  0x000000000000029c       0xaf ./Core/Src/modbus_crc.o
 .debug_abbrev  0x000000000000034b      0x1b2 ./Core/Src/stm32f1xx_hal_msp.o
 .debug_abbrev  0x00000000000004fd      0x15f ./Core/Src/stm32f1xx_it.o
 .debug_abbrev  0x000000000000065c      0x13b ./Core/Src/system_stm32f1xx.o
 .debug_abbrev  0x0000000000000797       0x12 ./Core/Startup/startup_stm32f103c8tx.o
 .debug_abbrev  0x00000000000007a9      0x1fb ./Drivers/STM32F1xx_HAL_Driver/Src/stm32f1xx_hal.o
 .debug_abbrev  0x00000000000009a4      0x2ed ./Drivers/STM32F1xx_HAL_Driver/Src/stm32f1xx_hal_cortex.o
 .debug_abbrev  0x0000000000000c91      0x1fe ./Drivers/STM32F1xx_HAL_Driver/Src/stm32f1xx_hal_dma.o
 .debug_abbrev  0x0000000000000e8f      0x1bb ./Drivers/STM32F1xx_HAL_Driver/Src/stm32f1xx_hal_gpio.o
 .debug_abbrev  0x000000000000104a      0x2a8 ./Drivers/STM32F1xx_HAL_Driver/Src/stm32f1xx_hal_rcc.o
 .debug_abbrev  0x00000000000012f2      0x278 ./Drivers/STM32F1xx_HAL_Driver/Src/stm32f1xx_hal_uart.o

.debug_aranges  0x0000000000000000      0x6a0
 .debug_aranges
                0x0000000000000000       0x50 ./Core/Src/main.o
 .debug_aranges
                0x0000000000000050       0x20 ./Core/Src/modbus_crc.o
 .debug_aranges
                0x0000000000000070       0x30 ./Core/Src/stm32f1xx_hal_msp.o
 .debug_aranges
                0x00000000000000a0       0x68 ./Core/Src/stm32f1xx_it.o
 .debug_aranges
                0x0000000000000108       0x28 ./Core/Src/system_stm32f1xx.o
 .debug_aranges
                0x0000000000000130       0x28 ./Core/Startup/startup_stm32f103c8tx.o
 .debug_aranges
                0x0000000000000158       0xe0 ./Drivers/STM32F1xx_HAL_Driver/Src/stm32f1xx_hal.o
 .debug_aranges
                0x0000000000000238      0x100 ./Drivers/STM32F1xx_HAL_Driver/Src/stm32f1xx_hal_cortex.o
 .debug_aranges
                0x0000000000000338       0x80 ./Drivers/STM32F1xx_HAL_Driver/Src/stm32f1xx_hal_dma.o
 .debug_aranges
                0x00000000000003b8       0x58 ./Drivers/STM32F1xx_HAL_Driver/Src/stm32f1xx_hal_gpio.o
 .debug_aranges
                0x0000000000000410       0x90 ./Drivers/STM32F1xx_HAL_Driver/Src/stm32f1xx_hal_rcc.o
 .debug_aranges
                0x00000000000004a0      0x200 ./Drivers/STM32F1xx_HAL_Driver/Src/stm32f1xx_hal_uart.o

.debug_ranges   0x0000000000000000      0x618
 .debug_ranges  0x0000000000000000       0x40 ./Core/Src/main.o
 .debug_ranges  0x0000000000000040       0x10 ./Core/Src/modbus_crc.o
 .debug_ranges  0x0000000000000050       0x20 ./Core/Src/stm32f1xx_hal_msp.o
 .debug_ranges  0x0000000000000070       0x58 ./Core/Src/stm32f1xx_it.o
 .debug_ranges  0x00000000000000c8       0x18 ./Core/Src/system_stm32f1xx.o
 .debug_ranges  0x00000000000000e0       0x20 ./Core/Startup/startup_stm32f103c8tx.o
 .debug_ranges  0x0000000000000100       0xd0 ./Drivers/STM32F1xx_HAL_Driver/Src/stm32f1xx_hal.o
 .debug_ranges  0x00000000000001d0       0xf0 ./Drivers/STM32F1xx_HAL_Driver/Src/stm32f1xx_hal_cortex.o
 .debug_ranges  0x00000000000002c0       0x70 ./Drivers/STM32F1xx_HAL_Driver/Src/stm32f1xx_hal_dma.o
 .debug_ranges  0x0000000000000330       0x48 ./Drivers/STM32F1xx_HAL_Driver/Src/stm32f1xx_hal_gpio.o
 .debug_ranges  0x0000000000000378       0x80 ./Drivers/STM32F1xx_HAL_Driver/Src/stm32f1xx_hal_rcc.o
 .debug_ranges  0x00000000000003f8      0x220 ./Drivers/STM32F1xx_HAL_Driver/Src/stm32f1xx_hal_uart.o

.debug_macro    0x0000000000000000    0x15f1f
 .debug_macro   0x0000000000000000      0x1a7 ./Core/Src/main.o
 .debug_macro   0x00000000000001a7      0xa6c ./Core/Src/main.o
 .debug_macro   0x0000000000000c13      0x215 ./Core/Src/main.o
 .debug_macro   0x0000000000000e28       0x2e ./Core/Src/main.o
 .debug_macro   0x0000000000000e56       0x22 ./Core/Src/main.o
 .debug_macro   0x0000000000000e78       0x22 ./Core/Src/main.o
 .debug_macro   0x0000000000000e9a       0x8e ./Core/Src/main.o
 .debug_macro   0x0000000000000f28       0x51 ./Core/Src/main.o
 .debug_macro   0x0000000000000f79      0x103 ./Core/Src/main.o
 .debug_macro   0x000000000000107c       0x6a ./Core/Src/main.o
 .debug_macro   0x00000000000010e6      0x1df ./Core/Src/main.o
 .debug_macro   0x00000000000012c5       0x1c ./Core/Src/main.o
 .debug_macro   0x00000000000012e1       0x22 ./Core/Src/main.o
 .debug_macro   0x0000000000001303       0xbd ./Core/Src/main.o
 .debug_macro   0x00000000000013c0      0xd23 ./Core/Src/main.o
 .debug_macro   0x00000000000020e3     0xe09e ./Core/Src/main.o
 .debug_macro   0x0000000000010181       0x6d ./Core/Src/main.o
 .debug_macro   0x00000000000101ee     0x3468 ./Core/Src/main.o
 .debug_macro   0x0000000000013656      0x174 ./Core/Src/main.o
 .debug_macro   0x00000000000137ca       0x5c ./Core/Src/main.o
 .debug_macro   0x0000000000013826      0x5be ./Core/Src/main.o
 .debug_macro   0x0000000000013de4      0x289 ./Core/Src/main.o
 .debug_macro   0x000000000001406d      0x1cb ./Core/Src/main.o
 .debug_macro   0x0000000000014238      0x114 ./Core/Src/main.o
 .debug_macro   0x000000000001434c      0x1b2 ./Core/Src/main.o
 .debug_macro   0x00000000000144fe       0x27 ./Core/Src/main.o
 .debug_macro   0x0000000000014525      0x136 ./Core/Src/main.o
 .debug_macro   0x000000000001465b      0x1bc ./Core/Src/main.o
 .debug_macro   0x0000000000014817       0x34 ./Core/Src/main.o
 .debug_macro   0x000000000001484b       0x3c ./Core/Src/main.o
 .debug_macro   0x0000000000014887       0x57 ./Core/Src/main.o
 .debug_macro   0x00000000000148de       0x88 ./Core/Src/main.o
 .debug_macro   0x0000000000014966      0x241 ./Core/Src/main.o
 .debug_macro   0x0000000000014ba7      0x141 ./Core/Src/main.o
 .debug_macro   0x0000000000014ce8      0x279 ./Core/Src/main.o
 .debug_macro   0x0000000000014f61       0x83 ./Core/Src/main.o
 .debug_macro   0x0000000000014fe4       0x10 ./Core/Src/main.o
 .debug_macro   0x0000000000014ff4       0x63 ./Core/Src/modbus_crc.o
 .debug_macro   0x0000000000015057      0x19d ./Core/Src/stm32f1xx_hal_msp.o
 .debug_macro   0x00000000000151f4      0x1a7 ./Core/Src/stm32f1xx_it.o
 .debug_macro   0x000000000001539b      0x18e ./Core/Src/system_stm32f1xx.o
 .debug_macro   0x0000000000015529      0x1b2 ./Drivers/STM32F1xx_HAL_Driver/Src/stm32f1xx_hal.o
 .debug_macro   0x00000000000156db      0x18e ./Drivers/STM32F1xx_HAL_Driver/Src/stm32f1xx_hal_cortex.o
 .debug_macro   0x0000000000015869      0x18e ./Drivers/STM32F1xx_HAL_Driver/Src/stm32f1xx_hal_dma.o
 .debug_macro   0x00000000000159f7      0x1f9 ./Drivers/STM32F1xx_HAL_Driver/Src/stm32f1xx_hal_gpio.o
 .debug_macro   0x0000000000015bf0      0x1a0 ./Drivers/STM32F1xx_HAL_Driver/Src/stm32f1xx_hal_rcc.o
 .debug_macro   0x0000000000015d90      0x18f ./Drivers/STM32F1xx_HAL_Driver/Src/stm32f1xx_hal_uart.o

.debug_line     0x0000000000000000     0x71bb
 .debug_line    0x0000000000000000      0x783 ./Core/Src/main.o
 .debug_line    0x0000000000000783      0x3b0 ./Core/Src/modbus_crc.o
 .debug_line    0x0000000000000b33      0x69f ./Core/Src/stm32f1xx_hal_msp.o
 .debug_line    0x00000000000011d2      0x723 ./Core/Src/stm32f1xx_it.o
 .debug_line    0x00000000000018f5      0x6c7 ./Core/Src/system_stm32f1xx.o
 .debug_line    0x0000000000001fbc       0x87 ./Core/Startup/startup_stm32f103c8tx.o
 .debug_line    0x0000000000002043      0x8f4 ./Drivers/STM32F1xx_HAL_Driver/Src/stm32f1xx_hal.o
 .debug_line    0x0000000000002937      0xadc ./Drivers/STM32F1xx_HAL_Driver/Src/stm32f1xx_hal_cortex.o
 .debug_line    0x0000000000003413      0xd4c ./Drivers/STM32F1xx_HAL_Driver/Src/stm32f1xx_hal_dma.o
 .debug_line    0x000000000000415f      0x98b ./Drivers/STM32F1xx_HAL_Driver/Src/stm32f1xx_hal_gpio.o
 .debug_line    0x0000000000004aea      0xd02 ./Drivers/STM32F1xx_HAL_Driver/Src/stm32f1xx_hal_rcc.o
 .debug_line    0x00000000000057ec     0x19cf ./Drivers/STM32F1xx_HAL_Driver/Src/stm32f1xx_hal_uart.o

.debug_str      0x0000000000000000    0x7e1c6
 .debug_str     0x0000000000000000    0x7c9af ./Core/Src/main.o
                                      0x7cd2b (size before relaxing)
 .debug_str     0x000000000007c9af       0x48 ./Core/Src/modbus_crc.o
                                       0x3c39 (size before relaxing)
 .debug_str     0x000000000007c9f7      0x338 ./Core/Src/stm32f1xx_hal_msp.o
                                      0x7ce21 (size before relaxing)
 .debug_str     0x000000000007cd2f       0xef ./Core/Src/stm32f1xx_it.o
                                      0x7cad1 (size before relaxing)
 .debug_str     0x000000000007ce1e       0x7e ./Core/Src/system_stm32f1xx.o
                                      0x7c6a1 (size before relaxing)
 .debug_str     0x000000000007ce9c       0x36 ./Core/Startup/startup_stm32f103c8tx.o
                                         0x90 (size before relaxing)
 .debug_str     0x000000000007ced2      0x38e ./Drivers/STM32F1xx_HAL_Driver/Src/stm32f1xx_hal.o
                                      0x7cdd4 (size before relaxing)
 .debug_str     0x000000000007d260      0x294 ./Drivers/STM32F1xx_HAL_Driver/Src/stm32f1xx_hal_cortex.o
                                      0x7cd20 (size before relaxing)
 .debug_str     0x000000000007d4f4      0x23a ./Drivers/STM32F1xx_HAL_Driver/Src/stm32f1xx_hal_dma.o
                                      0x7ca4a (size before relaxing)
 .debug_str     0x000000000007d72e      0x2e1 ./Drivers/STM32F1xx_HAL_Driver/Src/stm32f1xx_hal_gpio.o
                                      0x7ca27 (size before relaxing)
 .debug_str     0x000000000007da0f      0x229 ./Drivers/STM32F1xx_HAL_Driver/Src/stm32f1xx_hal_rcc.o
                                      0x7cad0 (size before relaxing)
 .debug_str     0x000000000007dc38      0x58e ./Drivers/STM32F1xx_HAL_Driver/Src/stm32f1xx_hal_uart.o
                                      0x7d0db (size before relaxing)

.comment        0x0000000000000000       0x50
 .comment       0x0000000000000000       0x50 ./Core/Src/main.o
                                         0x51 (size before relaxing)
 .comment       0x0000000000000050       0x51 ./Core/Src/modbus_crc.o
 .comment       0x0000000000000050       0x51 ./Core/Src/stm32f1xx_hal_msp.o
 .comment       0x0000000000000050       0x51 ./Core/Src/stm32f1xx_it.o
 .comment       0x0000000000000050       0x51 ./Core/Src/system_stm32f1xx.o
 .comment       0x0000000000000050       0x51 ./Drivers/STM32F1xx_HAL_Driver/Src/stm32f1xx_hal.o
 .comment       0x0000000000000050       0x51 ./Drivers/STM32F1xx_HAL_Driver/Src/stm32f1xx_hal_cortex.o
 .comment       0x0000000000000050       0x51 ./Drivers/STM32F1xx_HAL_Driver/Src/stm32f1xx_hal_dma.o
 .comment       0x0000000000000050       0x51 ./Drivers/STM32F1xx_HAL_Driver/Src/stm32f1xx_hal_gpio.o
 .comment       0x0000000000000050       0x51 ./Drivers/STM32F1xx_HAL_Driver/Src/stm32f1xx_hal_rcc.o
 .comment       0x0000000000000050       0x51 ./Drivers/STM32F1xx_HAL_Driver/Src/stm32f1xx_hal_uart.o

.debug_frame    0x0000000000000000     0x1954
 .debug_frame   0x0000000000000000       0xf8 ./Core/Src/main.o
 .debug_frame   0x00000000000000f8       0x38 ./Core/Src/modbus_crc.o
 .debug_frame   0x0000000000000130       0x80 ./Core/Src/stm32f1xx_hal_msp.o
 .debug_frame   0x00000000000001b0      0x120 ./Core/Src/stm32f1xx_it.o
 .debug_frame   0x00000000000002d0       0x58 ./Core/Src/system_stm32f1xx.o
 .debug_frame   0x0000000000000328      0x334 ./Drivers/STM32F1xx_HAL_Driver/Src/stm32f1xx_hal.o
 .debug_frame   0x000000000000065c      0x428 ./Drivers/STM32F1xx_HAL_Driver/Src/stm32f1xx_hal_cortex.o
 .debug_frame   0x0000000000000a84      0x208 ./Drivers/STM32F1xx_HAL_Driver/Src/stm32f1xx_hal_dma.o
 .debug_frame   0x0000000000000c8c      0x14c ./Drivers/STM32F1xx_HAL_Driver/Src/stm32f1xx_hal_gpio.o
 .debug_frame   0x0000000000000dd8      0x21c ./Drivers/STM32F1xx_HAL_Driver/Src/stm32f1xx_hal_rcc.o
 .debug_frame   0x0000000000000ff4      0x914 ./Drivers/STM32F1xx_HAL_Driver/Src/stm32f1xx_hal_uart.o
 .debug_frame   0x0000000000001908       0x2c c:/st/stm32cubeide_1.11.2/stm32cubeide/plugins/com.st.stm32cube.ide.mcu.externaltools.gnu-tools-for-stm32.10.3-2021.10.win32_1.0.100.202210260954/tools/bin/../lib/gcc/arm-none-eabi/10.3.1/../../../../arm-none-eabi/lib/thumb/v7-m/nofp\libc_nano.a(lib_a-init.o)
 .debug_frame   0x0000000000001934       0x20 c:/st/stm32cubeide_1.11.2/stm32cubeide/plugins/com.st.stm32cube.ide.mcu.externaltools.gnu-tools-for-stm32.10.3-2021.10.win32_1.0.100.202210260954/tools/bin/../lib/gcc/arm-none-eabi/10.3.1/../../../../arm-none-eabi/lib/thumb/v7-m/nofp\libc_nano.a(lib_a-memset.o)
